INFO  10:02:20.222 [localhost-startStop-1 ContextLoader.java:305] initWebApplicationContext - Root WebApplicationContext: initialization started
INFO  10:02:20.307 [localhost-startStop-1 AbstractApplicationContext.java:581] prepareRefresh - Refreshing Root WebApplicationContext: startup date [Wed Dec 09 10:02:20 KST 2020]; root of context hierarchy
INFO  10:02:20.337 [localhost-startStop-1 XmlBeanDefinitionReader.java:317] loadBeanDefinitions - Loading XML bean definitions from class path resource [spring-security.xml]
INFO  10:02:20.364 [localhost-startStop-1 SpringSecurityCoreVersion.java:75] performVersionChecks - You are running with Spring Security Core 4.1.3.RELEASE
INFO  10:02:20.366 [localhost-startStop-1 SecurityNamespaceHandler.java:78] <init> - Spring Security 'config' module version is 4.1.3.RELEASE
INFO  10:02:20.399 [localhost-startStop-1 FilterInvocationSecurityMetadataSourceParser.java:189] parseInterceptUrlsForFilterInvocationRequestMap - Creating access control expression attribute 'hasAuthority('user')' for /mypage**
INFO  10:02:20.399 [localhost-startStop-1 FilterInvocationSecurityMetadataSourceParser.java:189] parseInterceptUrlsForFilterInvocationRequestMap - Creating access control expression attribute 'hasAuthority('user')' for /purchaselist**
INFO  10:02:20.399 [localhost-startStop-1 FilterInvocationSecurityMetadataSourceParser.java:189] parseInterceptUrlsForFilterInvocationRequestMap - Creating access control expression attribute 'hasAuthority('user')' for /proposal**
INFO  10:02:20.399 [localhost-startStop-1 FilterInvocationSecurityMetadataSourceParser.java:189] parseInterceptUrlsForFilterInvocationRequestMap - Creating access control expression attribute 'hasAuthority('user')' for /wishlist**
INFO  10:02:20.399 [localhost-startStop-1 FilterInvocationSecurityMetadataSourceParser.java:189] parseInterceptUrlsForFilterInvocationRequestMap - Creating access control expression attribute 'hasAuthority('user')' for /tutorpage**
INFO  10:02:20.399 [localhost-startStop-1 FilterInvocationSecurityMetadataSourceParser.java:189] parseInterceptUrlsForFilterInvocationRequestMap - Creating access control expression attribute 'hasAuthority('user')' for /profile**
INFO  10:02:20.400 [localhost-startStop-1 FilterInvocationSecurityMetadataSourceParser.java:189] parseInterceptUrlsForFilterInvocationRequestMap - Creating access control expression attribute 'hasAuthority('user')' for /lessoncertify**
INFO  10:02:20.400 [localhost-startStop-1 FilterInvocationSecurityMetadataSourceParser.java:189] parseInterceptUrlsForFilterInvocationRequestMap - Creating access control expression attribute 'hasAuthority('user')' for /saleslist**
INFO  10:02:20.400 [localhost-startStop-1 FilterInvocationSecurityMetadataSourceParser.java:189] parseInterceptUrlsForFilterInvocationRequestMap - Creating access control expression attribute 'hasAuthority('user')' for /usersetting**
INFO  10:02:20.400 [localhost-startStop-1 FilterInvocationSecurityMetadataSourceParser.java:189] parseInterceptUrlsForFilterInvocationRequestMap - Creating access control expression attribute 'hasAuthority('user')' for /passwordsetting**
INFO  10:02:20.400 [localhost-startStop-1 FilterInvocationSecurityMetadataSourceParser.java:189] parseInterceptUrlsForFilterInvocationRequestMap - Creating access control expression attribute 'hasAuthority('user')' for /secession**
INFO  10:02:20.400 [localhost-startStop-1 FilterInvocationSecurityMetadataSourceParser.java:189] parseInterceptUrlsForFilterInvocationRequestMap - Creating access control expression attribute 'hasAuthority('user')' for /myroom**
INFO  10:02:20.400 [localhost-startStop-1 FilterInvocationSecurityMetadataSourceParser.java:189] parseInterceptUrlsForFilterInvocationRequestMap - Creating access control expression attribute 'hasAuthority('user')' for /lessonWrite**
INFO  10:02:20.400 [localhost-startStop-1 FilterInvocationSecurityMetadataSourceParser.java:189] parseInterceptUrlsForFilterInvocationRequestMap - Creating access control expression attribute 'hasAuthority('user')' for /applysuccess**
INFO  10:02:20.401 [localhost-startStop-1 FilterInvocationSecurityMetadataSourceParser.java:189] parseInterceptUrlsForFilterInvocationRequestMap - Creating access control expression attribute 'hasAuthority('user')' for /lessonapply**
INFO  10:02:20.401 [localhost-startStop-1 FilterInvocationSecurityMetadataSourceParser.java:189] parseInterceptUrlsForFilterInvocationRequestMap - Creating access control expression attribute 'hasAuthority('user')' for /teacherForm**
INFO  10:02:20.401 [localhost-startStop-1 FilterInvocationSecurityMetadataSourceParser.java:189] parseInterceptUrlsForFilterInvocationRequestMap - Creating access control expression attribute 'hasAuthority('user')' for /cusultTeacher**
INFO  10:02:20.401 [localhost-startStop-1 FilterInvocationSecurityMetadataSourceParser.java:189] parseInterceptUrlsForFilterInvocationRequestMap - Creating access control expression attribute 'hasAuthority('user')' for /lessonPurchase**
INFO  10:02:20.401 [localhost-startStop-1 FilterInvocationSecurityMetadataSourceParser.java:189] parseInterceptUrlsForFilterInvocationRequestMap - Creating access control expression attribute 'hasAuthority('user')' for /purchaseSuccess**
INFO  10:02:20.401 [localhost-startStop-1 FilterInvocationSecurityMetadataSourceParser.java:189] parseInterceptUrlsForFilterInvocationRequestMap - Creating access control expression attribute 'hasAuthority('user')' for /update**
INFO  10:02:20.401 [localhost-startStop-1 FilterInvocationSecurityMetadataSourceParser.java:189] parseInterceptUrlsForFilterInvocationRequestMap - Creating access control expression attribute 'hasAuthority('user')' for /myqna**
INFO  10:02:20.401 [localhost-startStop-1 FilterInvocationSecurityMetadataSourceParser.java:189] parseInterceptUrlsForFilterInvocationRequestMap - Creating access control expression attribute 'hasAuthority('user')' for /qna**
INFO  10:02:20.402 [localhost-startStop-1 FilterInvocationSecurityMetadataSourceParser.java:189] parseInterceptUrlsForFilterInvocationRequestMap - Creating access control expression attribute 'hasAuthority('user')' for /certify**
INFO  10:02:20.402 [localhost-startStop-1 FilterInvocationSecurityMetadataSourceParser.java:189] parseInterceptUrlsForFilterInvocationRequestMap - Creating access control expression attribute 'hasAuthority('user')' for /teacherApply**
INFO  10:02:20.402 [localhost-startStop-1 FilterInvocationSecurityMetadataSourceParser.java:189] parseInterceptUrlsForFilterInvocationRequestMap - Creating access control expression attribute 'hasAuthority('user')' for /message**
INFO  10:02:20.402 [localhost-startStop-1 FilterInvocationSecurityMetadataSourceParser.java:189] parseInterceptUrlsForFilterInvocationRequestMap - Creating access control expression attribute 'hasAuthority('user')' for /chatroom**
INFO  10:02:20.402 [localhost-startStop-1 FilterInvocationSecurityMetadataSourceParser.java:189] parseInterceptUrlsForFilterInvocationRequestMap - Creating access control expression attribute 'hasAuthority('user')' for /chatmyroom**
INFO  10:02:20.402 [localhost-startStop-1 FilterInvocationSecurityMetadataSourceParser.java:189] parseInterceptUrlsForFilterInvocationRequestMap - Creating access control expression attribute 'hasAuthority('user')' for /tutorprofile**
INFO  10:02:20.402 [localhost-startStop-1 FilterInvocationSecurityMetadataSourceParser.java:189] parseInterceptUrlsForFilterInvocationRequestMap - Creating access control expression attribute 'hasAuthority('user')' for /orderInfo**
INFO  10:02:20.402 [localhost-startStop-1 FilterInvocationSecurityMetadataSourceParser.java:189] parseInterceptUrlsForFilterInvocationRequestMap - Creating access control expression attribute 'hasAuthority('user')' for /sellerorderInfo**
INFO  10:02:20.403 [localhost-startStop-1 FilterInvocationSecurityMetadataSourceParser.java:189] parseInterceptUrlsForFilterInvocationRequestMap - Creating access control expression attribute 'hasAuthority('user')' for /refund**
INFO  10:02:20.403 [localhost-startStop-1 FilterInvocationSecurityMetadataSourceParser.java:189] parseInterceptUrlsForFilterInvocationRequestMap - Creating access control expression attribute 'hasAuthority('user')' for /refundM**
INFO  10:02:20.403 [localhost-startStop-1 FilterInvocationSecurityMetadataSourceParser.java:189] parseInterceptUrlsForFilterInvocationRequestMap - Creating access control expression attribute 'hasAuthority('user')' for /seller**
INFO  10:02:20.403 [localhost-startStop-1 FilterInvocationSecurityMetadataSourceParser.java:189] parseInterceptUrlsForFilterInvocationRequestMap - Creating access control expression attribute 'hasAuthority('user')' for /buyerRefundComplete**
INFO  10:02:20.403 [localhost-startStop-1 FilterInvocationSecurityMetadataSourceParser.java:189] parseInterceptUrlsForFilterInvocationRequestMap - Creating access control expression attribute 'hasAuthority('user')' for /sellerRefundComplete**
INFO  10:02:20.403 [localhost-startStop-1 FilterInvocationSecurityMetadataSourceParser.java:189] parseInterceptUrlsForFilterInvocationRequestMap - Creating access control expression attribute 'hasAuthority('user')' for /myproposal**
INFO  10:02:20.403 [localhost-startStop-1 FilterInvocationSecurityMetadataSourceParser.java:189] parseInterceptUrlsForFilterInvocationRequestMap - Creating access control expression attribute 'hasAuthority('admin')' for /admin**
INFO  10:02:20.403 [localhost-startStop-1 FilterInvocationSecurityMetadataSourceParser.java:189] parseInterceptUrlsForFilterInvocationRequestMap - Creating access control expression attribute 'hasAuthority('admin')' for /complete**
INFO  10:02:20.404 [localhost-startStop-1 FilterInvocationSecurityMetadataSourceParser.java:189] parseInterceptUrlsForFilterInvocationRequestMap - Creating access control expression attribute 'hasAuthority('admin')' for /adminCertifyFail**
INFO  10:02:20.404 [localhost-startStop-1 FilterInvocationSecurityMetadataSourceParser.java:189] parseInterceptUrlsForFilterInvocationRequestMap - Creating access control expression attribute 'hasAuthority('admin')' for /listqna**
INFO  10:02:20.404 [localhost-startStop-1 FilterInvocationSecurityMetadataSourceParser.java:189] parseInterceptUrlsForFilterInvocationRequestMap - Creating access control expression attribute 'hasAuthority('admin')' for /adminTransaction**
INFO  10:02:20.404 [localhost-startStop-1 FilterInvocationSecurityMetadataSourceParser.java:189] parseInterceptUrlsForFilterInvocationRequestMap - Creating access control expression attribute 'hasAuthority('admin')' for /adminOrderInfo**
INFO  10:02:20.404 [localhost-startStop-1 FilterInvocationSecurityMetadataSourceParser.java:189] parseInterceptUrlsForFilterInvocationRequestMap - Creating access control expression attribute 'hasAuthority('admin')' for /changeProposalOrderStatus**
INFO  10:02:20.404 [localhost-startStop-1 FilterInvocationSecurityMetadataSourceParser.java:189] parseInterceptUrlsForFilterInvocationRequestMap - Creating access control expression attribute 'hasAuthority('admin')' for /changeOrderStatus**
INFO  10:02:20.404 [localhost-startStop-1 FilterInvocationSecurityMetadataSourceParser.java:189] parseInterceptUrlsForFilterInvocationRequestMap - Creating access control expression attribute 'hasAuthority('admin')' for /depositConfirmRecord**
INFO  10:02:20.404 [localhost-startStop-1 FilterInvocationSecurityMetadataSourceParser.java:189] parseInterceptUrlsForFilterInvocationRequestMap - Creating access control expression attribute 'hasAuthority('admin')' for /depositConfirmProposalRecord**
INFO  10:02:20.405 [localhost-startStop-1 FilterInvocationSecurityMetadataSourceParser.java:189] parseInterceptUrlsForFilterInvocationRequestMap - Creating access control expression attribute 'hasAuthority('admin')' for /cancelStatusProposal**
INFO  10:02:20.405 [localhost-startStop-1 FilterInvocationSecurityMetadataSourceParser.java:189] parseInterceptUrlsForFilterInvocationRequestMap - Creating access control expression attribute 'hasAuthority('admin')' for /cancelDepositStatus**
INFO  10:02:20.405 [localhost-startStop-1 FilterInvocationSecurityMetadataSourceParser.java:189] parseInterceptUrlsForFilterInvocationRequestMap - Creating access control expression attribute 'permitAll' for /**
INFO  10:02:20.427 [localhost-startStop-1 HttpSecurityBeanDefinitionParser.java:306] checkFilterChainOrder - Checking sorted filter chain: [Root bean: class [org.springframework.security.web.context.SecurityContextPersistenceFilter]; scope=; abstract=false; lazyInit=false; autowireMode=0; dependencyCheck=0; autowireCandidate=true; primary=false; factoryBeanName=null; factoryMethodName=null; initMethodName=null; destroyMethodName=null, order = 200, Root bean: class [org.springframework.security.web.context.request.async.WebAsyncManagerIntegrationFilter]; scope=; abstract=false; lazyInit=false; autowireMode=0; dependencyCheck=0; autowireCandidate=true; primary=false; factoryBeanName=null; factoryMethodName=null; initMethodName=null; destroyMethodName=null, order = 400, Root bean: class [org.springframework.security.web.header.HeaderWriterFilter]; scope=; abstract=false; lazyInit=false; autowireMode=0; dependencyCheck=0; autowireCandidate=true; primary=false; factoryBeanName=null; factoryMethodName=null; initMethodName=null; destroyMethodName=null, order = 500, Root bean: class [org.springframework.security.web.authentication.logout.LogoutFilter]; scope=; abstract=false; lazyInit=false; autowireMode=0; dependencyCheck=0; autowireCandidate=true; primary=false; factoryBeanName=null; factoryMethodName=null; initMethodName=null; destroyMethodName=null, order = 800, <org.springframework.security.web.authentication.UsernamePasswordAuthenticationFilter#0>, order = 1200, Root bean: class [org.springframework.security.web.savedrequest.RequestCacheAwareFilter]; scope=; abstract=false; lazyInit=false; autowireMode=0; dependencyCheck=0; autowireCandidate=true; primary=false; factoryBeanName=null; factoryMethodName=null; initMethodName=null; destroyMethodName=null, order = 1700, Root bean: class [org.springframework.security.web.servletapi.SecurityContextHolderAwareRequestFilter]; scope=; abstract=false; lazyInit=false; autowireMode=0; dependencyCheck=0; autowireCandidate=true; primary=false; factoryBeanName=null; factoryMethodName=null; initMethodName=null; destroyMethodName=null, order = 1800, Root bean: class [org.springframework.security.web.authentication.rememberme.RememberMeAuthenticationFilter]; scope=; abstract=false; lazyInit=false; autowireMode=0; dependencyCheck=0; autowireCandidate=true; primary=false; factoryBeanName=null; factoryMethodName=null; initMethodName=null; destroyMethodName=null, order = 2000, Root bean: class [org.springframework.security.web.authentication.AnonymousAuthenticationFilter]; scope=; abstract=false; lazyInit=false; autowireMode=0; dependencyCheck=0; autowireCandidate=true; primary=false; factoryBeanName=null; factoryMethodName=null; initMethodName=null; destroyMethodName=null, order = 2100, Root bean: class [org.springframework.security.web.session.SessionManagementFilter]; scope=; abstract=false; lazyInit=false; autowireMode=0; dependencyCheck=0; autowireCandidate=true; primary=false; factoryBeanName=null; factoryMethodName=null; initMethodName=null; destroyMethodName=null, order = 2200, Root bean: class [org.springframework.security.web.access.ExceptionTranslationFilter]; scope=; abstract=false; lazyInit=false; autowireMode=0; dependencyCheck=0; autowireCandidate=true; primary=false; factoryBeanName=null; factoryMethodName=null; initMethodName=null; destroyMethodName=null, order = 2300, <org.springframework.security.web.access.intercept.FilterSecurityInterceptor#0>, order = 2400]
INFO  10:02:20.435 [localhost-startStop-1 XmlBeanDefinitionReader.java:317] loadBeanDefinitions - Loading XML bean definitions from class path resource [applicationContext.xml]
INFO  10:02:20.609 [localhost-startStop-1 DefaultSecurityFilterChain.java:43] <init> - Creating filter chain: Ant [pattern='/resources/**'], []
INFO  10:02:20.612 [localhost-startStop-1 DefaultSecurityFilterChain.java:43] <init> - Creating filter chain: Ant [pattern='/img/**'], []
INFO  10:02:20.966 [localhost-startStop-1 JdbcUserDetailsManager.java:130] initDao - No authentication manager set. Reauthentication of users when changing passwords will not be performed.
INFO  10:02:20.968 [localhost-startStop-1 JdbcUserDetailsManager.java:130] initDao - No authentication manager set. Reauthentication of users when changing passwords will not be performed.
INFO  10:02:21.188 [localhost-startStop-1 DefaultSecurityFilterChain.java:43] <init> - Creating filter chain: org.springframework.security.web.util.matcher.AnyRequestMatcher@1, [org.springframework.security.web.context.SecurityContextPersistenceFilter@5691281c, org.springframework.security.web.context.request.async.WebAsyncManagerIntegrationFilter@395dbf8f, org.springframework.security.web.header.HeaderWriterFilter@437cd25f, org.springframework.security.web.authentication.logout.LogoutFilter@204fd83, org.springframework.security.web.authentication.UsernamePasswordAuthenticationFilter@5d0ae417, org.springframework.security.web.savedrequest.RequestCacheAwareFilter@97f99fe, org.springframework.security.web.servletapi.SecurityContextHolderAwareRequestFilter@2cb45ca4, org.springframework.security.web.authentication.rememberme.RememberMeAuthenticationFilter@9795454, org.springframework.security.web.authentication.AnonymousAuthenticationFilter@3d92330, org.springframework.security.web.session.SessionManagementFilter@769ceadc, org.springframework.security.web.access.ExceptionTranslationFilter@7843c9d7, org.springframework.security.web.access.intercept.FilterSecurityInterceptor@3b5bf97f]
INFO  10:02:21.199 [localhost-startStop-1 DefaultFilterChainValidator.java:154] checkLoginPageIsntProtected - Checking whether login URL '/login' is accessible with your configuration
INFO  10:02:21.543 [localhost-startStop-1 ContextLoader.java:345] initWebApplicationContext - Root WebApplicationContext: initialization completed in 1296 ms
INFO  10:02:21.560 [localhost-startStop-1 FrameworkServlet.java:489] initServletBean - FrameworkServlet 'dispatcher': initialization started
INFO  10:02:21.562 [localhost-startStop-1 AbstractApplicationContext.java:581] prepareRefresh - Refreshing WebApplicationContext for namespace 'dispatcher-servlet': startup date [Wed Dec 09 10:02:21 KST 2020]; parent: Root WebApplicationContext
INFO  10:02:21.563 [localhost-startStop-1 XmlBeanDefinitionReader.java:317] loadBeanDefinitions - Loading XML bean definitions from ServletContext resource [/WEB-INF/lesson.xml]
INFO  10:02:21.758 [localhost-startStop-1 DefaultListableBeanFactory.java:843] registerBeanDefinition - Overriding bean definition for bean 'org.springframework.context.annotation.internalScheduledAnnotationProcessor' with a different definition: replacing [Generic bean: class [org.springframework.scheduling.annotation.ScheduledAnnotationBeanPostProcessor]; scope=; abstract=false; lazyInit=false; autowireMode=0; dependencyCheck=0; autowireCandidate=true; primary=false; factoryBeanName=null; factoryMethodName=null; initMethodName=null; destroyMethodName=null] with [Root bean: class [null]; scope=; abstract=false; lazyInit=false; autowireMode=3; dependencyCheck=0; autowireCandidate=true; primary=false; factoryBeanName=org.springframework.scheduling.annotation.SchedulingConfiguration; factoryMethodName=scheduledAnnotationProcessor; initMethodName=null; destroyMethodName=(inferred); defined in class path resource [org/springframework/scheduling/annotation/SchedulingConfiguration.class]]
INFO  10:02:21.883 [localhost-startStop-1 AbstractUrlHandlerMapping.java:354] registerHandler - Mapped URL path [/companyInfo] onto handler of type [class org.springframework.web.servlet.mvc.ParameterizableViewController]
INFO  10:02:21.934 [localhost-startStop-1 AbstractUrlHandlerMapping.java:354] registerHandler - Mapped URL path [/resources/**] onto handler 'org.springframework.web.servlet.resource.ResourceHttpRequestHandler#0'
INFO  10:02:21.935 [localhost-startStop-1 AbstractUrlHandlerMapping.java:354] registerHandler - Mapped URL path [/img/**] onto handler 'org.springframework.web.servlet.resource.ResourceHttpRequestHandler#1'
INFO  10:02:21.936 [localhost-startStop-1 AbstractUrlHandlerMapping.java:354] registerHandler - Mapped URL path [/sitemap.xml] onto handler 'org.springframework.web.servlet.resource.ResourceHttpRequestHandler#2'
INFO  10:02:21.938 [localhost-startStop-1 AbstractUrlHandlerMapping.java:354] registerHandler - Mapped URL path [/rss.xml] onto handler 'org.springframework.web.servlet.resource.ResourceHttpRequestHandler#3'
INFO  10:02:21.939 [localhost-startStop-1 AbstractUrlHandlerMapping.java:354] registerHandler - Mapped URL path [/robots.txt] onto handler 'org.springframework.web.servlet.resource.ResourceHttpRequestHandler#4'
INFO  10:02:21.940 [localhost-startStop-1 AbstractUrlHandlerMapping.java:354] registerHandler - Mapped URL path [/naverb0b268e8b7ca8c117edf242a7f1467bf.html] onto handler 'org.springframework.web.servlet.resource.ResourceHttpRequestHandler#5'
INFO  10:02:21.968 [localhost-startStop-1 AbstractHandlerMethodMapping.java:543] register - Mapped "{[]}" onto public java.lang.String lesson.member.controller.MemberController.main(org.springframework.ui.Model,org.springframework.mobile.device.Device) throws java.lang.Exception
INFO  10:02:21.969 [localhost-startStop-1 AbstractHandlerMethodMapping.java:543] register - Mapped "{[/profile],methods=[GET]}" onto public java.lang.String lesson.member.controller.MemberController.profile(lesson.member.model.TeacherInfo,org.springframework.ui.Model,javax.servlet.http.HttpSession)
INFO  10:02:21.969 [localhost-startStop-1 AbstractHandlerMethodMapping.java:543] register - Mapped "{[/error]}" onto public java.lang.String lesson.member.controller.MemberController.error()
INFO  10:02:21.969 [localhost-startStop-1 AbstractHandlerMethodMapping.java:543] register - Mapped "{[/service]}" onto public java.lang.String lesson.member.controller.MemberController.service()
INFO  10:02:21.969 [localhost-startStop-1 AbstractHandlerMethodMapping.java:543] register - Mapped "{[/topicsubscribe],methods=[GET]}" onto public java.lang.String lesson.member.controller.MemberController.topicsubscribe(javax.servlet.http.HttpServletRequest,javax.servlet.http.HttpServletResponse,org.springframework.ui.Model) throws java.lang.Exception
INFO  10:02:21.970 [localhost-startStop-1 AbstractHandlerMethodMapping.java:543] register - Mapped "{[/400error]}" onto public java.lang.String lesson.member.controller.MemberController.error400()
INFO  10:02:21.970 [localhost-startStop-1 AbstractHandlerMethodMapping.java:543] register - Mapped "{[/badgecount]}" onto public java.util.Map<java.lang.String, java.lang.Integer> lesson.member.controller.MemberController.badgecount(javax.servlet.http.HttpServletRequest,javax.servlet.http.HttpSession) throws java.lang.Exception
INFO  10:02:21.970 [localhost-startStop-1 AbstractHandlerMethodMapping.java:543] register - Mapped "{[/404error]}" onto public java.lang.String lesson.member.controller.MemberController.error404()
INFO  10:02:21.970 [localhost-startStop-1 AbstractHandlerMethodMapping.java:543] register - Mapped "{[/giveToAndroidValue]}" onto public java.util.Map<java.lang.String, java.lang.String> lesson.member.controller.MemberController.giveToAndroid(byte[],javax.servlet.http.HttpServletRequest,javax.servlet.http.HttpSession) throws java.lang.Exception
INFO  10:02:21.971 [localhost-startStop-1 AbstractHandlerMethodMapping.java:543] register - Mapped "{[/myroom]}" onto public java.lang.String lesson.member.controller.MemberController.myroom(javax.servlet.http.HttpSession,org.springframework.ui.Model)
INFO  10:02:21.971 [localhost-startStop-1 AbstractHandlerMethodMapping.java:543] register - Mapped "{[/certifications/{imp_uid}],methods=[POST]}" onto public java.lang.Object lesson.member.controller.MemberController.certifications(java.lang.String,javax.servlet.http.HttpServletRequest,javax.servlet.http.HttpServletResponse) throws java.lang.Exception
INFO  10:02:21.971 [localhost-startStop-1 AbstractHandlerMethodMapping.java:543] register - Mapped "{[/signup],methods=[POST]}" onto public java.lang.String lesson.member.controller.MemberController.signUp2(lesson.member.model.MemberInfo,org.springframework.ui.Model,javax.servlet.http.HttpSession,org.springframework.web.servlet.mvc.support.RedirectAttributes)
INFO  10:02:21.971 [localhost-startStop-1 AbstractHandlerMethodMapping.java:543] register - Mapped "{[/logout.do]}" onto public java.lang.String lesson.member.controller.MemberController.logout(javax.servlet.http.HttpSession)
INFO  10:02:21.971 [localhost-startStop-1 AbstractHandlerMethodMapping.java:543] register - Mapped "{[/login]}" onto public java.lang.String lesson.member.controller.MemberController.login(javax.servlet.http.HttpSession,javax.servlet.http.HttpServletRequest)
INFO  10:02:21.971 [localhost-startStop-1 AbstractHandlerMethodMapping.java:543] register - Mapped "{[/profile],methods=[POST]}" onto public java.lang.String lesson.member.controller.MemberController.profile2(lesson.member.model.TeacherInfo,org.springframework.ui.Model,javax.servlet.http.HttpServletRequest) throws java.lang.IllegalStateException,java.io.IOException
INFO  10:02:21.972 [localhost-startStop-1 AbstractHandlerMethodMapping.java:543] register - Mapped "{[/passwordsetting],methods=[POST]}" onto public java.lang.String lesson.member.controller.MemberController.passsetting2(lesson.member.model.Password,javax.servlet.http.HttpSession,org.springframework.ui.Model)
INFO  10:02:21.972 [localhost-startStop-1 AbstractHandlerMethodMapping.java:543] register - Mapped "{[/emailFind],methods=[GET]}" onto public java.lang.String lesson.member.controller.MemberController.emailFind2(javax.servlet.http.HttpServletRequest,org.springframework.ui.Model)
INFO  10:02:21.972 [localhost-startStop-1 AbstractHandlerMethodMapping.java:543] register - Mapped "{[/privateData]}" onto public java.lang.String lesson.member.controller.MemberController.privateData()
INFO  10:02:21.972 [localhost-startStop-1 AbstractHandlerMethodMapping.java:543] register - Mapped "{[/companyInfo]}" onto public java.lang.String lesson.member.controller.MemberController.companyInfo()
INFO  10:02:21.972 [localhost-startStop-1 AbstractHandlerMethodMapping.java:543] register - Mapped "{[/passwordsetting],methods=[GET]}" onto public java.lang.String lesson.member.controller.MemberController.passsetting(javax.servlet.http.HttpSession,org.springframework.ui.Model)
INFO  10:02:21.972 [localhost-startStop-1 AbstractHandlerMethodMapping.java:543] register - Mapped "{[/subCheckForm],methods=[GET]}" onto public java.lang.String lesson.member.controller.MemberController.subCheckForm(javax.servlet.http.HttpServletRequest) throws java.io.UnsupportedEncodingException
INFO  10:02:21.973 [localhost-startStop-1 AbstractHandlerMethodMapping.java:543] register - Mapped "{[/qna],methods=[POST]}" onto public java.lang.String lesson.member.controller.MemberController.qna2(lesson.member.model.Qna,javax.servlet.http.HttpSession,org.springframework.ui.Model)
INFO  10:02:21.973 [localhost-startStop-1 AbstractHandlerMethodMapping.java:543] register - Mapped "{[/secession],methods=[GET]}" onto public java.lang.String lesson.member.controller.MemberController.secession(javax.servlet.http.HttpSession,org.springframework.ui.Model)
INFO  10:02:21.973 [localhost-startStop-1 AbstractHandlerMethodMapping.java:543] register - Mapped "{[/emailPassFind],methods=[GET]}" onto public java.lang.String lesson.member.controller.MemberController.emailPassFind(org.springframework.ui.Model)
INFO  10:02:21.974 [localhost-startStop-1 AbstractHandlerMethodMapping.java:543] register - Mapped "{[/passwordFind],methods=[GET]}" onto public java.lang.String lesson.member.controller.MemberController.passFind2(javax.servlet.http.HttpServletRequest) throws javax.mail.internet.AddressException,javax.mail.MessagingException
INFO  10:02:21.974 [localhost-startStop-1 AbstractHandlerMethodMapping.java:543] register - Mapped "{[/usersetting],methods=[GET]}" onto public java.lang.String lesson.member.controller.MemberController.usersetting(javax.servlet.http.HttpSession,org.springframework.ui.Model) throws com.siot.IamportRestClient.exception.IamportResponseException,java.io.IOException
INFO  10:02:21.974 [localhost-startStop-1 AbstractHandlerMethodMapping.java:543] register - Mapped "{[/subCheckForm],methods=[POST]}" onto public java.lang.String lesson.member.controller.MemberController.subCheckForm2(java.lang.String,javax.servlet.http.HttpServletRequest,org.springframework.ui.Model)
INFO  10:02:21.974 [localhost-startStop-1 AbstractHandlerMethodMapping.java:543] register - Mapped "{[/private]}" onto public java.lang.String lesson.member.controller.MemberController.private1()
INFO  10:02:21.974 [localhost-startStop-1 AbstractHandlerMethodMapping.java:543] register - Mapped "{[/certify],methods=[POST]}" onto public java.lang.String lesson.member.controller.MemberController.certify2(lesson.member.model.Certify,org.springframework.ui.Model,javax.servlet.http.HttpServletRequest) throws java.lang.IllegalStateException,java.io.IOException
INFO  10:02:21.975 [localhost-startStop-1 AbstractHandlerMethodMapping.java:543] register - Mapped "{[/tutorpage]}" onto public java.lang.String lesson.member.controller.MemberController.tutorpage(org.springframework.ui.Model,javax.servlet.http.HttpSession)
INFO  10:02:21.975 [localhost-startStop-1 AbstractHandlerMethodMapping.java:543] register - Mapped "{[/usersetting/{imp_uid}],methods=[POST]}" onto public java.lang.String lesson.member.controller.MemberController.usersetting2(java.lang.String,javax.servlet.http.HttpSession,org.springframework.ui.Model) throws com.siot.IamportRestClient.exception.IamportResponseException,java.io.IOException
INFO  10:02:21.975 [localhost-startStop-1 AbstractHandlerMethodMapping.java:543] register - Mapped "{[/customer],methods=[GET]}" onto public java.lang.String lesson.member.controller.MemberController.customer(javax.servlet.http.HttpSession,org.springframework.ui.Model)
INFO  10:02:21.975 [localhost-startStop-1 AbstractHandlerMethodMapping.java:543] register - Mapped "{[/signup],methods=[GET]}" onto public java.lang.String lesson.member.controller.MemberController.singUp(lesson.member.model.MemberInfo,org.springframework.ui.Model)
INFO  10:02:21.975 [localhost-startStop-1 AbstractHandlerMethodMapping.java:543] register - Mapped "{[/delImgPath]}" onto public java.lang.String lesson.member.controller.MemberController.delImgPath(java.lang.String,org.springframework.ui.Model,javax.servlet.http.HttpSession,javax.servlet.http.HttpServletRequest)
INFO  10:02:21.976 [localhost-startStop-1 AbstractHandlerMethodMapping.java:543] register - Mapped "{[/certify],methods=[GET]}" onto public java.lang.String lesson.member.controller.MemberController.certify(org.springframework.ui.Model,javax.servlet.http.HttpSession)
INFO  10:02:21.976 [localhost-startStop-1 AbstractHandlerMethodMapping.java:543] register - Mapped "{[/qna],methods=[GET]}" onto public java.lang.String lesson.member.controller.MemberController.qna(javax.servlet.http.HttpSession,org.springframework.ui.Model)
INFO  10:02:21.976 [localhost-startStop-1 AbstractHandlerMethodMapping.java:543] register - Mapped "{[/myqna],methods=[GET]}" onto public java.lang.String lesson.member.controller.MemberController.myqna(javax.servlet.http.HttpSession,javax.servlet.http.HttpServletRequest,org.springframework.ui.Model)
INFO  10:02:21.976 [localhost-startStop-1 AbstractHandlerMethodMapping.java:543] register - Mapped "{[/lessoncertify],methods=[POST]}" onto public java.lang.String lesson.member.controller.MemberController.mycertify2(lesson.member.model.LessonCertify,javax.servlet.http.HttpSession,org.springframework.ui.Model)
INFO  10:02:21.976 [localhost-startStop-1 AbstractHandlerMethodMapping.java:543] register - Mapped "{[/lessoncertify],methods=[GET]}" onto public java.lang.String lesson.member.controller.MemberController.mycertify(org.springframework.ui.Model,javax.servlet.http.HttpSession)
INFO  10:02:21.977 [localhost-startStop-1 AbstractHandlerMethodMapping.java:543] register - Mapped "{[/category]}" onto public java.lang.String lesson.member.controller.MemberController.category()
INFO  10:02:21.977 [localhost-startStop-1 AbstractHandlerMethodMapping.java:543] register - Mapped "{[/update],methods=[GET]}" onto public java.lang.String lesson.board.controller.BoardController.update(javax.servlet.http.HttpServletRequest,org.springframework.ui.Model,javax.servlet.http.HttpSession)
INFO  10:02:21.978 [localhost-startStop-1 AbstractHandlerMethodMapping.java:543] register - Mapped "{[/lessonWrite],methods=[GET]}" onto public java.lang.String lesson.board.controller.BoardController.write(lesson.board.model.LessonCard,org.springframework.ui.Model,javax.servlet.http.HttpSession) throws java.lang.IllegalStateException,java.io.IOException
INFO  10:02:21.978 [localhost-startStop-1 AbstractHandlerMethodMapping.java:543] register - Mapped "{[/boardread],methods=[GET]}" onto public java.lang.String lesson.board.controller.BoardController.read(javax.servlet.http.HttpServletRequest,org.springframework.ui.Model,javax.servlet.http.HttpSession,org.springframework.web.servlet.mvc.support.RedirectAttributes)
INFO  10:02:21.978 [localhost-startStop-1 AbstractHandlerMethodMapping.java:543] register - Mapped "{[/tutorprofile]}" onto public java.lang.String lesson.board.controller.BoardController.tutorpage(org.springframework.ui.Model,javax.servlet.http.HttpSession,javax.servlet.http.HttpServletRequest)
INFO  10:02:21.978 [localhost-startStop-1 AbstractHandlerMethodMapping.java:543] register - Mapped "{[/lessonWrite],methods=[POST]}" onto public java.lang.String lesson.board.controller.BoardController.write2(lesson.board.model.LessonCard,org.springframework.ui.Model,javax.servlet.http.HttpSession,javax.servlet.http.HttpServletRequest) throws java.lang.IllegalStateException,java.io.IOException
INFO  10:02:21.978 [localhost-startStop-1 AbstractHandlerMethodMapping.java:543] register - Mapped "{[/delimg],methods=[GET]}" onto public java.lang.String lesson.board.controller.BoardController.delImg(javax.servlet.http.HttpServletRequest,javax.servlet.http.HttpSession)
INFO  10:02:21.978 [localhost-startStop-1 AbstractHandlerMethodMapping.java:543] register - Mapped "{[/lessonPurchase],methods=[POST]}" onto public java.lang.String lesson.board.controller.BoardController.lessonPurchase2(lesson.board.model.PurchaseHistory,javax.servlet.http.HttpServletRequest,javax.servlet.http.HttpSession,org.springframework.ui.Model,org.springframework.web.servlet.mvc.support.RedirectAttributes) throws java.text.ParseException
INFO  10:02:21.978 [localhost-startStop-1 AbstractHandlerMethodMapping.java:543] register - Mapped "{[/boarder],methods=[POST]}" onto public java.lang.String lesson.board.controller.BoardController.boarder2(lesson.board.model.SearchForm,javax.servlet.http.HttpServletRequest,org.springframework.ui.Model)
INFO  10:02:21.979 [localhost-startStop-1 AbstractHandlerMethodMapping.java:543] register - Mapped "{[/update],methods=[POST]}" onto public java.lang.String lesson.board.controller.BoardController.update2(lesson.board.model.LessonCard,javax.servlet.http.HttpServletRequest,org.springframework.ui.Model) throws java.lang.IllegalStateException,java.io.IOException
INFO  10:02:21.979 [localhost-startStop-1 AbstractHandlerMethodMapping.java:543] register - Mapped "{[/boarder],methods=[GET]}" onto public java.lang.String lesson.board.controller.BoardController.boarder(javax.servlet.http.HttpServletRequest,org.springframework.ui.Model) throws java.io.UnsupportedEncodingException
INFO  10:02:21.979 [localhost-startStop-1 AbstractHandlerMethodMapping.java:543] register - Mapped "{[/lessonPurchase],methods=[GET]}" onto public java.lang.String lesson.board.controller.BoardController.lessonPurchase(javax.servlet.http.HttpServletRequest,javax.servlet.http.HttpSession,org.springframework.ui.Model)
INFO  10:02:21.979 [localhost-startStop-1 AbstractHandlerMethodMapping.java:543] register - Mapped "{[/deletelesson]}" onto public java.lang.String lesson.board.controller.BoardController.deleteLesson(javax.servlet.http.HttpServletRequest,org.springframework.ui.Model,javax.servlet.http.HttpSession)
INFO  10:02:21.980 [localhost-startStop-1 AbstractHandlerMethodMapping.java:543] register - Mapped "{[/apply],methods=[GET]}" onto public java.lang.String lesson.apply.controller.ApplyController.apply(org.springframework.ui.Model,javax.servlet.http.HttpSession)
INFO  10:02:21.980 [localhost-startStop-1 AbstractHandlerMethodMapping.java:543] register - Mapped "{[/applylist],methods=[POST]}" onto public java.lang.String lesson.apply.controller.ApplyController.applylist2(lesson.apply.model.ApplySearchForm,javax.servlet.http.HttpServletRequest,org.springframework.ui.Model,javax.servlet.http.HttpSession)
INFO  10:02:21.981 [localhost-startStop-1 AbstractHandlerMethodMapping.java:543] register - Mapped "{[/teacherApply],methods=[GET]}" onto public java.lang.String lesson.apply.controller.ApplyController.apply5(javax.servlet.http.HttpServletRequest,org.springframework.ui.Model,javax.servlet.http.HttpSession)
INFO  10:02:21.981 [localhost-startStop-1 AbstractHandlerMethodMapping.java:543] register - Mapped "{[/applylist],methods=[GET]}" onto public java.lang.String lesson.apply.controller.ApplyController.applylist(javax.servlet.http.HttpServletRequest,org.springframework.ui.Model,javax.servlet.http.HttpSession) throws java.io.UnsupportedEncodingException
INFO  10:02:21.982 [localhost-startStop-1 AbstractHandlerMethodMapping.java:543] register - Mapped "{[/teacherApply],methods=[POST]}" onto public java.lang.String lesson.apply.controller.ApplyController.apply6(lesson.apply.model.ApplyTeacher,javax.servlet.http.HttpServletRequest,org.springframework.ui.Model,javax.servlet.http.HttpSession)
INFO  10:02:21.982 [localhost-startStop-1 AbstractHandlerMethodMapping.java:543] register - Mapped "{[/mypage]}" onto public java.lang.String lesson.apply.controller.ApplyController.apply9(org.springframework.ui.Model,javax.servlet.http.HttpSession)
INFO  10:02:21.983 [localhost-startStop-1 AbstractHandlerMethodMapping.java:543] register - Mapped "{[/lessonapply],methods=[GET]}" onto public java.lang.String lesson.apply.controller.ApplyController.lessonApply()
INFO  10:02:21.983 [localhost-startStop-1 AbstractHandlerMethodMapping.java:543] register - Mapped "{[/applysuccess]}" onto public java.lang.String lesson.apply.controller.ApplyController.apply3()
INFO  10:02:21.983 [localhost-startStop-1 AbstractHandlerMethodMapping.java:543] register - Mapped "{[/apply],methods=[POST]}" onto public java.lang.String lesson.apply.controller.ApplyController.apply2(lesson.apply.model.ApplyForm,org.springframework.ui.Model,javax.servlet.http.HttpSession)
INFO  10:02:21.984 [localhost-startStop-1 AbstractHandlerMethodMapping.java:543] register - Mapped "{[/myapply/delete]}" onto public java.lang.String lesson.apply.controller.ApplyController.apply11(javax.servlet.http.HttpServletRequest,org.springframework.ui.Model,javax.servlet.http.HttpSession)
INFO  10:02:21.984 [localhost-startStop-1 AbstractHandlerMethodMapping.java:543] register - Mapped "{[/teacherForm]}" onto public java.lang.String lesson.apply.controller.ApplyController.apply12(javax.servlet.http.HttpServletRequest,org.springframework.ui.Model,javax.servlet.http.HttpSession)
INFO  10:02:21.985 [localhost-startStop-1 AbstractHandlerMethodMapping.java:543] register - Mapped "{[/refundProM],methods=[POST]}" onto public java.lang.String lesson.deal.controller.DealController.refundProM2(lesson.deal.model.RefundContent,javax.servlet.http.HttpServletRequest,org.springframework.ui.Model,javax.servlet.http.HttpSession)
INFO  10:02:21.986 [localhost-startStop-1 AbstractHandlerMethodMapping.java:543] register - Mapped "{[/deletewish],methods=[GET]}" onto public java.lang.String lesson.deal.controller.DealController.wishlist2(javax.servlet.http.HttpServletRequest,org.springframework.ui.Model,javax.servlet.http.HttpSession)
INFO  10:02:21.986 [localhost-startStop-1 AbstractHandlerMethodMapping.java:543] register - Mapped "{[/refund],methods=[GET]}" onto public java.lang.String lesson.deal.controller.DealController.applyrefund(javax.servlet.http.HttpServletRequest,org.springframework.ui.Model,javax.servlet.http.HttpSession)
INFO  10:02:21.986 [localhost-startStop-1 AbstractHandlerMethodMapping.java:543] register - Mapped "{[/proposalpurchase],methods=[GET]}" onto public java.lang.String lesson.deal.controller.DealController.proposalpurchase(javax.servlet.http.HttpSession,org.springframework.ui.Model)
INFO  10:02:21.986 [localhost-startStop-1 AbstractHandlerMethodMapping.java:543] register - Mapped "{[/refundM],methods=[GET]}" onto public java.lang.String lesson.deal.controller.DealController.applyrefundM(javax.servlet.http.HttpServletRequest,org.springframework.ui.Model,javax.servlet.http.HttpSession)
INFO  10:02:21.986 [localhost-startStop-1 AbstractHandlerMethodMapping.java:543] register - Mapped "{[/proposalsell],methods=[GET]}" onto public java.lang.String lesson.deal.controller.DealController.proposalsale(javax.servlet.http.HttpServletRequest,org.springframework.ui.Model,javax.servlet.http.HttpSession)
INFO  10:02:21.987 [localhost-startStop-1 AbstractHandlerMethodMapping.java:543] register - Mapped "{[/myproposal],methods=[GET]}" onto public java.lang.String lesson.deal.controller.DealController.myproposal(javax.servlet.http.HttpServletRequest,org.springframework.ui.Model,javax.servlet.http.HttpSession)
INFO  10:02:21.987 [localhost-startStop-1 AbstractHandlerMethodMapping.java:543] register - Mapped "{[/saleslist],methods=[GET]}" onto public java.lang.String lesson.deal.controller.DealController.salelist(javax.servlet.http.HttpServletRequest,org.springframework.ui.Model,javax.servlet.http.HttpSession)
INFO  10:02:21.987 [localhost-startStop-1 AbstractHandlerMethodMapping.java:543] register - Mapped "{[/purchaselist],methods=[GET]}" onto public java.lang.String lesson.deal.controller.DealController.purchaselist(javax.servlet.http.HttpServletRequest,org.springframework.ui.Model,javax.servlet.http.HttpSession)
INFO  10:02:21.987 [localhost-startStop-1 AbstractHandlerMethodMapping.java:543] register - Mapped "{[/purchaselist],methods=[POST]}" onto public java.lang.String lesson.deal.controller.DealController.purchaselist2(lesson.deal.model.PurchaseListSearch,javax.servlet.http.HttpServletRequest,org.springframework.ui.Model,javax.servlet.http.HttpSession)
INFO  10:02:21.988 [localhost-startStop-1 AbstractHandlerMethodMapping.java:543] register - Mapped "{[/sellerrefundM],methods=[POST]}" onto public java.lang.String lesson.deal.controller.DealController.sellerrefund2(lesson.deal.model.RefundContent,javax.servlet.http.HttpServletRequest,org.springframework.ui.Model,javax.servlet.http.HttpSession)
INFO  10:02:21.988 [localhost-startStop-1 AbstractHandlerMethodMapping.java:543] register - Mapped "{[/refundproposal],methods=[POST]}" onto public java.lang.String lesson.deal.controller.DealController.refundproposal2(lesson.deal.model.RefundContent,javax.servlet.http.HttpServletRequest,org.springframework.ui.Model,javax.servlet.http.HttpSession)
INFO  10:02:21.988 [localhost-startStop-1 AbstractHandlerMethodMapping.java:543] register - Mapped "{[/refundProM],methods=[GET]}" onto public java.lang.String lesson.deal.controller.DealController.refundProM(javax.servlet.http.HttpServletRequest,org.springframework.ui.Model,javax.servlet.http.HttpSession)
INFO  10:02:21.988 [localhost-startStop-1 AbstractHandlerMethodMapping.java:543] register - Mapped "{[/sellerRefundProM],methods=[GET]}" onto public java.lang.String lesson.deal.controller.DealController.sellerRefundProM(javax.servlet.http.HttpServletRequest,org.springframework.ui.Model,javax.servlet.http.HttpSession)
INFO  10:02:21.988 [localhost-startStop-1 AbstractHandlerMethodMapping.java:543] register - Mapped "{[/sellerRefundProM],methods=[POST]}" onto public java.lang.String lesson.deal.controller.DealController.sellerRefundProM(lesson.deal.model.RefundContent,javax.servlet.http.HttpServletRequest,org.springframework.ui.Model,javax.servlet.http.HttpSession)
INFO  10:02:21.988 [localhost-startStop-1 AbstractHandlerMethodMapping.java:543] register - Mapped "{[/wishApply],methods=[GET]}" onto public java.lang.String lesson.deal.controller.DealController.wishApply(javax.servlet.http.HttpServletRequest,javax.servlet.http.HttpSession)
INFO  10:02:21.989 [localhost-startStop-1 AbstractHandlerMethodMapping.java:543] register - Mapped "{[/refund],methods=[POST]}" onto public java.lang.String lesson.deal.controller.DealController.applyrefund2(lesson.deal.model.RefundContent,javax.servlet.http.HttpServletRequest,org.springframework.ui.Model,javax.servlet.http.HttpSession)
INFO  10:02:21.989 [localhost-startStop-1 AbstractHandlerMethodMapping.java:543] register - Mapped "{[/refundM],methods=[POST]}" onto public java.lang.String lesson.deal.controller.DealController.applyrefund2M(lesson.deal.model.RefundContent,javax.servlet.http.HttpServletRequest,org.springframework.ui.Model,javax.servlet.http.HttpSession)
INFO  10:02:21.989 [localhost-startStop-1 AbstractHandlerMethodMapping.java:543] register - Mapped "{[/sellerrefundM],methods=[GET]}" onto public java.lang.String lesson.deal.controller.DealController.sellerrefund(javax.servlet.http.HttpServletRequest,org.springframework.ui.Model,javax.servlet.http.HttpSession)
INFO  10:02:21.989 [localhost-startStop-1 AbstractHandlerMethodMapping.java:543] register - Mapped "{[/refundproposal],methods=[GET]}" onto public java.lang.String lesson.deal.controller.DealController.refundproposal(javax.servlet.http.HttpServletRequest,org.springframework.ui.Model,javax.servlet.http.HttpSession)
INFO  10:02:21.989 [localhost-startStop-1 AbstractHandlerMethodMapping.java:543] register - Mapped "{[/sellerorderInfo],methods=[GET]}" onto public java.lang.String lesson.deal.controller.DealController.sellerorderInfo(javax.servlet.http.HttpServletRequest,org.springframework.ui.Model,javax.servlet.http.HttpSession)
INFO  10:02:21.990 [localhost-startStop-1 AbstractHandlerMethodMapping.java:543] register - Mapped "{[/orderCancel],methods=[GET]}" onto public void lesson.deal.controller.DealController.orderCancel(javax.servlet.http.HttpServletRequest,org.springframework.ui.Model,javax.servlet.http.HttpSession)
INFO  10:02:21.990 [localhost-startStop-1 AbstractHandlerMethodMapping.java:543] register - Mapped "{[/wishlist],methods=[GET]}" onto public java.lang.String lesson.deal.controller.DealController.wishlist(javax.servlet.http.HttpServletRequest,org.springframework.ui.Model,javax.servlet.http.HttpSession)
INFO  10:02:21.990 [localhost-startStop-1 AbstractHandlerMethodMapping.java:543] register - Mapped "{[/orderInfo],methods=[GET]}" onto public java.lang.String lesson.deal.controller.DealController.orderInfo(javax.servlet.http.HttpServletRequest,org.springframework.ui.Model,javax.servlet.http.HttpSession)
INFO  10:02:21.990 [localhost-startStop-1 AbstractHandlerMethodMapping.java:543] register - Mapped "{[/sellerRefundCompletePro],methods=[GET]}" onto public java.lang.String lesson.deal.controller.DealController.sellerRefundCompletePro(javax.servlet.http.HttpServletRequest,org.springframework.ui.Model,javax.servlet.http.HttpSession)
INFO  10:02:21.991 [localhost-startStop-1 AbstractHandlerMethodMapping.java:543] register - Mapped "{[/buyerRefundCompletePro],methods=[GET]}" onto public java.lang.String lesson.deal.controller.DealController.buyerRefundCompletePro(javax.servlet.http.HttpServletRequest,org.springframework.ui.Model,javax.servlet.http.HttpSession)
INFO  10:02:21.991 [localhost-startStop-1 AbstractHandlerMethodMapping.java:543] register - Mapped "{[/proposalOrderCancel],methods=[GET]}" onto public void lesson.deal.controller.DealController.proposalOrderCancel(javax.servlet.http.HttpServletRequest,org.springframework.ui.Model,javax.servlet.http.HttpSession)
INFO  10:02:21.991 [localhost-startStop-1 AbstractHandlerMethodMapping.java:543] register - Mapped "{[/sellerRefundCompleteInfo],methods=[GET]}" onto public java.lang.String lesson.deal.controller.DealController.sellerRefundCompleteInfo(javax.servlet.http.HttpServletRequest,org.springframework.ui.Model,javax.servlet.http.HttpSession)
INFO  10:02:21.991 [localhost-startStop-1 AbstractHandlerMethodMapping.java:543] register - Mapped "{[/buyerRefundCompleteInfo],methods=[GET]}" onto public java.lang.String lesson.deal.controller.DealController.refundCompleteInfo(javax.servlet.http.HttpServletRequest,org.springframework.ui.Model,javax.servlet.http.HttpSession)
INFO  10:02:21.991 [localhost-startStop-1 AbstractHandlerMethodMapping.java:543] register - Mapped "{[/proposalOrderInfo],methods=[GET]}" onto public java.lang.String lesson.deal.controller.DealController.proposalOrderInfo(javax.servlet.http.HttpServletRequest,org.springframework.ui.Model,javax.servlet.http.HttpSession)
INFO  10:02:21.991 [localhost-startStop-1 AbstractHandlerMethodMapping.java:543] register - Mapped "{[/sellerProposalOrderInfo],methods=[GET]}" onto public java.lang.String lesson.deal.controller.DealController.sellerProposalOrderInfo(javax.servlet.http.HttpServletRequest,org.springframework.ui.Model,javax.servlet.http.HttpSession)
INFO  10:02:21.991 [localhost-startStop-1 AbstractHandlerMethodMapping.java:543] register - Mapped "{[/proposalpurchase],methods=[POST]}" onto public java.lang.String lesson.deal.controller.DealController.proposalpurchase2(lesson.deal.model.PurchaseListSearch,javax.servlet.http.HttpSession,org.springframework.ui.Model)
INFO  10:02:21.993 [localhost-startStop-1 AbstractHandlerMethodMapping.java:543] register - Mapped "{[/admininspect],methods=[GET]}" onto public java.lang.String lesson.admin.controller.AdminController.admin4(org.springframework.ui.Model)
INFO  10:02:21.993 [localhost-startStop-1 AbstractHandlerMethodMapping.java:543] register - Mapped "{[/adminCertifyFail]}" onto public java.lang.String lesson.admin.controller.AdminController.certifyFail(javax.servlet.http.HttpSession,javax.servlet.http.HttpServletRequest)
INFO  10:02:21.993 [localhost-startStop-1 AbstractHandlerMethodMapping.java:543] register - Mapped "{[/listqna],methods=[POST]}" onto public java.lang.String lesson.admin.controller.AdminController.qnalist2(javax.servlet.http.HttpSession,lesson.member.model.Qna,javax.servlet.http.HttpServletRequest,org.springframework.ui.Model)
INFO  10:02:21.993 [localhost-startStop-1 AbstractHandlerMethodMapping.java:543] register - Mapped "{[/complete]}" onto public java.lang.String lesson.admin.controller.AdminController.admin5(javax.servlet.http.HttpSession,javax.servlet.http.HttpServletRequest)
INFO  10:02:21.993 [localhost-startStop-1 AbstractHandlerMethodMapping.java:543] register - Mapped "{[/listqna],methods=[GET]}" onto public java.lang.String lesson.admin.controller.AdminController.qnalist(javax.servlet.http.HttpServletRequest,org.springframework.ui.Model)
INFO  10:02:21.993 [localhost-startStop-1 AbstractHandlerMethodMapping.java:543] register - Mapped "{[/adminlogout]}" onto public java.lang.String lesson.admin.controller.AdminController.adminlogout(javax.servlet.http.HttpSession)
INFO  10:02:21.993 [localhost-startStop-1 AbstractHandlerMethodMapping.java:543] register - Mapped "{[/admin]}" onto public java.lang.String lesson.admin.controller.AdminController.admin3()
INFO  10:02:21.994 [localhost-startStop-1 AbstractHandlerMethodMapping.java:543] register - Mapped "{[/adminOrderInfoAndRefund],methods=[GET]}" onto public java.lang.String lesson.admin.controller.AdminController.adminOrderInfo(javax.servlet.http.HttpSession,javax.servlet.http.HttpServletRequest,org.springframework.ui.Model)
INFO  10:02:21.994 [localhost-startStop-1 AbstractHandlerMethodMapping.java:543] register - Mapped "{[/adminProRefund],methods=[POST]}" onto public java.lang.String lesson.admin.controller.AdminController.adminProRefund2(lesson.admin.model.RefundSearch,javax.servlet.http.HttpServletRequest,org.springframework.ui.Model)
INFO  10:02:21.994 [localhost-startStop-1 AbstractHandlerMethodMapping.java:543] register - Mapped "{[/adminDelWaiting],methods=[GET]}" onto public java.lang.String lesson.admin.controller.AdminController.adminDelWaiting(javax.servlet.http.HttpServletRequest,org.springframework.ui.Model)
INFO  10:02:21.994 [localhost-startStop-1 AbstractHandlerMethodMapping.java:543] register - Mapped "{[/adminRefund],methods=[POST]}" onto public java.lang.String lesson.admin.controller.AdminController.adminRefund2(lesson.admin.model.RefundSearch,javax.servlet.http.HttpServletRequest,org.springframework.ui.Model)
INFO  10:02:21.994 [localhost-startStop-1 AbstractHandlerMethodMapping.java:543] register - Mapped "{[/adminOrderInfoAndRefund],methods=[POST]}" onto public java.lang.String lesson.admin.controller.AdminController.adminOrderInfo2(lesson.admin.model.RefundComplete,javax.servlet.http.HttpSession,javax.servlet.http.HttpServletRequest,org.springframework.ui.Model)
INFO  10:02:21.994 [localhost-startStop-1 AbstractHandlerMethodMapping.java:543] register - Mapped "{[/adminTransaction],methods=[GET]}" onto public java.lang.String lesson.admin.controller.AdminController.adminTransaction(javax.servlet.http.HttpServletRequest,org.springframework.ui.Model)
INFO  10:02:21.994 [localhost-startStop-1 AbstractHandlerMethodMapping.java:543] register - Mapped "{[/adminRefund],methods=[GET]}" onto public java.lang.String lesson.admin.controller.AdminController.adminRefund(javax.servlet.http.HttpServletRequest,org.springframework.ui.Model)
INFO  10:02:21.995 [localhost-startStop-1 AbstractHandlerMethodMapping.java:543] register - Mapped "{[/adminRefundCancel],methods=[GET]}" onto public void lesson.admin.controller.AdminController.refundCancel(javax.servlet.http.HttpServletRequest,org.springframework.ui.Model)
INFO  10:02:21.995 [localhost-startStop-1 AbstractHandlerMethodMapping.java:543] register - Mapped "{[/adminProRefund],methods=[GET]}" onto public java.lang.String lesson.admin.controller.AdminController.adminProRefund(javax.servlet.http.HttpServletRequest,org.springframework.ui.Model)
INFO  10:02:21.995 [localhost-startStop-1 AbstractHandlerMethodMapping.java:543] register - Mapped "{[/adminDelLesson],methods=[GET]}" onto public java.lang.String lesson.admin.controller.AdminController.adminDelLesson(javax.servlet.http.HttpServletRequest,org.springframework.ui.Model)
INFO  10:02:21.995 [localhost-startStop-1 AbstractHandlerMethodMapping.java:543] register - Mapped "{[/adminRefundConfirmList],methods=[GET]}" onto public java.lang.String lesson.admin.controller.AdminController.adminRefundConfirm(javax.servlet.http.HttpServletRequest,org.springframework.ui.Model)
INFO  10:02:21.995 [localhost-startStop-1 AbstractHandlerMethodMapping.java:543] register - Mapped "{[/changeOrderStatus],methods=[POST]}" onto public java.lang.String lesson.admin.controller.AdminController.changeOrderStatus(javax.servlet.http.HttpSession,lesson.admin.model.OrderStatusRecord,javax.servlet.http.HttpServletRequest,org.springframework.ui.Model)
INFO  10:02:21.995 [localhost-startStop-1 AbstractHandlerMethodMapping.java:543] register - Mapped "{[/depositConfirmProposalRecord],methods=[GET]}" onto public java.lang.String lesson.admin.controller.AdminController.depositConfirmProposalRecord(javax.servlet.http.HttpServletRequest,org.springframework.ui.Model)
INFO  10:02:21.995 [localhost-startStop-1 AbstractHandlerMethodMapping.java:543] register - Mapped "{[/depositConfirmRecord],methods=[POST]}" onto public java.lang.String lesson.admin.controller.AdminController.depositConfirmRecord2(lesson.admin.model.TranSearch,javax.servlet.http.HttpServletRequest,org.springframework.ui.Model)
INFO  10:02:21.996 [localhost-startStop-1 AbstractHandlerMethodMapping.java:543] register - Mapped "{[/adminRefundProCancelList],methods=[GET]}" onto public java.lang.String lesson.admin.controller.AdminController.adminRefundProCancelList(lesson.admin.model.RefundSearch,javax.servlet.http.HttpServletRequest,org.springframework.ui.Model)
INFO  10:02:21.996 [localhost-startStop-1 AbstractHandlerMethodMapping.java:543] register - Mapped "{[/adminTransaction],methods=[POST]}" onto public java.lang.String lesson.admin.controller.AdminController.adminTransaction2(lesson.admin.model.TranSearch,javax.servlet.http.HttpServletRequest,org.springframework.ui.Model)
INFO  10:02:21.996 [localhost-startStop-1 AbstractHandlerMethodMapping.java:543] register - Mapped "{[/cancelDepositStatus],methods=[GET]}" onto public java.lang.String lesson.admin.controller.AdminController.cancelDepositStatus(javax.servlet.http.HttpSession,javax.servlet.http.HttpServletRequest,org.springframework.ui.Model)
INFO  10:02:21.996 [localhost-startStop-1 AbstractHandlerMethodMapping.java:543] register - Mapped "{[/cancelDepositStatus2],methods=[GET]}" onto public java.lang.String lesson.admin.controller.AdminController.cancelDepositStatus2(javax.servlet.http.HttpSession,javax.servlet.http.HttpServletRequest,org.springframework.ui.Model)
INFO  10:02:21.997 [localhost-startStop-1 AbstractHandlerMethodMapping.java:543] register - Mapped "{[/adminChatTransaction],methods=[GET]}" onto public java.lang.String lesson.admin.controller.AdminController.adminChatTransaction(javax.servlet.http.HttpServletRequest,org.springframework.ui.Model)
INFO  10:02:21.997 [localhost-startStop-1 AbstractHandlerMethodMapping.java:543] register - Mapped "{[/changeProposalOrderStatus],methods=[POST]}" onto public java.lang.String lesson.admin.controller.AdminController.changeProposalOrderStatus(javax.servlet.http.HttpSession,lesson.admin.model.OrderStatusRecord,javax.servlet.http.HttpServletRequest,org.springframework.ui.Model)
INFO  10:02:21.997 [localhost-startStop-1 AbstractHandlerMethodMapping.java:543] register - Mapped "{[/cancelStatusProposal],methods=[GET]}" onto public java.lang.String lesson.admin.controller.AdminController.cancelStatusProposal(javax.servlet.http.HttpSession,javax.servlet.http.HttpServletRequest,org.springframework.ui.Model)
INFO  10:02:21.997 [localhost-startStop-1 AbstractHandlerMethodMapping.java:543] register - Mapped "{[/depositConfirmRecord],methods=[GET]}" onto public java.lang.String lesson.admin.controller.AdminController.depositConfirmRecord(javax.servlet.http.HttpServletRequest,org.springframework.ui.Model)
INFO  10:02:21.997 [localhost-startStop-1 AbstractHandlerMethodMapping.java:543] register - Mapped "{[/adminRefundConfirmList],methods=[POST]}" onto public java.lang.String lesson.admin.controller.AdminController.adminRefundConfirm2(lesson.admin.model.RefundSearch,javax.servlet.http.HttpServletRequest,org.springframework.ui.Model)
INFO  10:02:21.997 [localhost-startStop-1 AbstractHandlerMethodMapping.java:543] register - Mapped "{[/adminChatTransaction],methods=[POST]}" onto public java.lang.String lesson.admin.controller.AdminController.adminChatTransaction2(lesson.admin.model.TranSearch,javax.servlet.http.HttpServletRequest,org.springframework.ui.Model)
INFO  10:02:21.997 [localhost-startStop-1 AbstractHandlerMethodMapping.java:543] register - Mapped "{[/cancelStatusProposal2],methods=[GET]}" onto public java.lang.String lesson.admin.controller.AdminController.cancelStatusProposal2(javax.servlet.http.HttpSession,javax.servlet.http.HttpServletRequest,org.springframework.ui.Model)
INFO  10:02:21.997 [localhost-startStop-1 AbstractHandlerMethodMapping.java:543] register - Mapped "{[/depositConfirmProposalRecord],methods=[POST]}" onto public java.lang.String lesson.admin.controller.AdminController.depositConfirmProposalRecord2(lesson.admin.model.TranSearch,javax.servlet.http.HttpServletRequest,org.springframework.ui.Model)
INFO  10:02:21.998 [localhost-startStop-1 AbstractHandlerMethodMapping.java:543] register - Mapped "{[/adminRefundCompleteInfo],methods=[GET]}" onto public java.lang.String lesson.admin.controller.AdminController.refundCompleteInfo(javax.servlet.http.HttpServletRequest,org.springframework.ui.Model)
INFO  10:02:21.998 [localhost-startStop-1 AbstractHandlerMethodMapping.java:543] register - Mapped "{[/adminRefundProCompleteInfo],methods=[GET]}" onto public java.lang.String lesson.admin.controller.AdminController.refundProCompleteInfo(javax.servlet.http.HttpServletRequest,org.springframework.ui.Model)
INFO  10:02:21.998 [localhost-startStop-1 AbstractHandlerMethodMapping.java:543] register - Mapped "{[/adminRefundCancelList],methods=[GET]}" onto public java.lang.String lesson.admin.controller.AdminController.adminRefundCancelList(lesson.admin.model.RefundSearch,javax.servlet.http.HttpServletRequest,org.springframework.ui.Model)
INFO  10:02:21.998 [localhost-startStop-1 AbstractHandlerMethodMapping.java:543] register - Mapped "{[/adminPurchaseList],methods=[GET]}" onto public java.lang.String lesson.admin.controller.AdminController.adminPurchaseList(javax.servlet.http.HttpServletRequest,org.springframework.ui.Model)
INFO  10:02:21.998 [localhost-startStop-1 AbstractHandlerMethodMapping.java:543] register - Mapped "{[/adminOrderInfoAndRefundPro],methods=[GET]}" onto public java.lang.String lesson.admin.controller.AdminController.adminOrderInfoAndRefundPro(javax.servlet.http.HttpSession,javax.servlet.http.HttpServletRequest,org.springframework.ui.Model)
INFO  10:02:21.998 [localhost-startStop-1 AbstractHandlerMethodMapping.java:543] register - Mapped "{[/adminRefundCancelPro],methods=[GET]}" onto public void lesson.admin.controller.AdminController.adminRefundCancelPro(javax.servlet.http.HttpServletRequest,org.springframework.ui.Model)
INFO  10:02:21.999 [localhost-startStop-1 AbstractHandlerMethodMapping.java:543] register - Mapped "{[/adminDelWaiting2],methods=[GET]}" onto public java.lang.String lesson.admin.controller.AdminController.adminDelWaitin¤¾2(javax.servlet.http.HttpServletRequest,org.springframework.ui.Model)
INFO  10:02:21.999 [localhost-startStop-1 AbstractHandlerMethodMapping.java:543] register - Mapped "{[/adminRefundProConfirmList],methods=[GET]}" onto public java.lang.String lesson.admin.controller.AdminController.adminRefundProConfirmList(javax.servlet.http.HttpServletRequest,org.springframework.ui.Model)
INFO  10:02:21.999 [localhost-startStop-1 AbstractHandlerMethodMapping.java:543] register - Mapped "{[/adminOrderInfoAndRefundPro],methods=[POST]}" onto public java.lang.String lesson.admin.controller.AdminController.adminOrderInfoAndRefundPro2(lesson.admin.model.RefundComplete,javax.servlet.http.HttpSession,javax.servlet.http.HttpServletRequest,org.springframework.ui.Model)
INFO  10:02:21.999 [localhost-startStop-1 AbstractHandlerMethodMapping.java:543] register - Mapped "{[/adminRefundProConfirmList],methods=[POST]}" onto public java.lang.String lesson.admin.controller.AdminController.adminRefundProConfirmList2(lesson.admin.model.RefundSearch,javax.servlet.http.HttpServletRequest,org.springframework.ui.Model)
INFO  10:02:22.000 [localhost-startStop-1 AbstractHandlerMethodMapping.java:543] register - Mapped "{[/test],methods=[GET]}" onto public java.lang.String test.TestController.test(org.springframework.ui.Model,javax.servlet.http.HttpSession)
INFO  10:02:22.000 [localhost-startStop-1 AbstractHandlerMethodMapping.java:543] register - Mapped "{[/test],methods=[POST]}" onto public java.lang.String test.TestController.test2(test.model.ImgUpload,org.springframework.ui.Model,javax.servlet.http.HttpSession,javax.servlet.http.HttpServletRequest) throws java.lang.IllegalStateException,java.io.IOException
INFO  10:02:22.004 [localhost-startStop-1 AbstractHandlerMethodMapping.java:543] register - Mapped "{[/send],methods=[GET]}" onto public test.model.Greeting test.webconfig.GreetingController.send()
INFO  10:02:22.005 [localhost-startStop-1 AbstractHandlerMethodMapping.java:543] register - Mapped "{[/message],methods=[GET]}" onto public java.lang.String test.controller.ChatAppController.message(javax.servlet.http.HttpSession,org.springframework.ui.Model,javax.servlet.http.HttpServletRequest)
INFO  10:02:22.005 [localhost-startStop-1 AbstractHandlerMethodMapping.java:543] register - Mapped "{[/chatmemberstatus],methods=[GET]}" onto public void test.controller.ChatAppController.chatmemberstatus(java.lang.String,javax.servlet.http.HttpSession,org.springframework.ui.Model,javax.servlet.http.HttpServletRequest)
INFO  10:02:22.006 [localhost-startStop-1 AbstractHandlerMethodMapping.java:543] register - Mapped "{[/newpurchase],methods=[POST]}" onto public java.lang.String test.controller.ChatAppController.newpurchase2(test.model.ChatDeal,javax.servlet.http.HttpSession,org.springframework.ui.Model,javax.servlet.http.HttpServletRequest) throws java.text.ParseException
INFO  10:02:22.006 [localhost-startStop-1 AbstractHandlerMethodMapping.java:543] register - Mapped "{[/chatroom],methods=[GET]}" onto public java.lang.String test.controller.ChatAppController.chatRoom(org.springframework.ui.Model,javax.servlet.http.HttpServletRequest,javax.servlet.http.HttpSession)
INFO  10:02:22.006 [localhost-startStop-1 AbstractHandlerMethodMapping.java:543] register - Mapped "{[/transactionJudge],methods=[GET]}" onto public java.lang.String test.controller.ChatAppController.purchaseAccept(javax.servlet.http.HttpSession,org.springframework.ui.Model,javax.servlet.http.HttpServletRequest,org.springframework.web.servlet.mvc.support.RedirectAttributes)
INFO  10:02:22.006 [localhost-startStop-1 AbstractHandlerMethodMapping.java:543] register - Mapped "{[/proposallist],methods=[GET]}" onto public java.util.Map<java.lang.String, java.lang.String> test.controller.ChatAppController.proposallist(javax.servlet.http.HttpSession,org.springframework.ui.Model,javax.servlet.http.HttpServletRequest)
INFO  10:02:22.006 [localhost-startStop-1 AbstractHandlerMethodMapping.java:543] register - Mapped "{[/chatmyroom],methods=[GET]}" onto public java.lang.String test.controller.ChatAppController.chatMyRoom(org.springframework.ui.Model,javax.servlet.http.HttpServletRequest,javax.servlet.http.HttpSession) throws java.lang.Exception
INFO  10:02:22.006 [localhost-startStop-1 AbstractHandlerMethodMapping.java:543] register - Mapped "{[/chatTransaction],methods=[GET]}" onto public java.lang.String test.controller.ChatAppController.chatTransaction(java.lang.String,java.lang.String,javax.servlet.http.HttpSession,org.springframework.ui.Model,javax.servlet.http.HttpServletRequest,org.springframework.web.servlet.mvc.support.RedirectAttributes)
INFO  10:02:22.036 [localhost-startStop-1 Version.java:27] <clinit> - HV000001: Hibernate Validator 4.3.1.Final
INFO  10:02:22.267 [localhost-startStop-1 RequestMappingHandlerAdapter.java:534] initControllerAdviceCache - Looking for @ControllerAdvice: WebApplicationContext for namespace 'dispatcher-servlet': startup date [Wed Dec 09 10:02:21 KST 2020]; parent: Root WebApplicationContext
INFO  10:02:22.304 [localhost-startStop-1 RequestMappingHandlerAdapter.java:534] initControllerAdviceCache - Looking for @ControllerAdvice: WebApplicationContext for namespace 'dispatcher-servlet': startup date [Wed Dec 09 10:02:21 KST 2020]; parent: Root WebApplicationContext
INFO  10:02:22.375 [localhost-startStop-1 ExecutorConfigurationSupport.java:165] initialize - Initializing ExecutorService  'clientInboundChannelExecutor'
INFO  10:02:22.382 [localhost-startStop-1 ExecutorConfigurationSupport.java:165] initialize - Initializing ExecutorService  'clientOutboundChannelExecutor'
INFO  10:02:22.402 [localhost-startStop-1 ExecutorConfigurationSupport.java:165] initialize - Initializing ExecutorService  'SockJsScheduler'
INFO  10:02:22.439 [localhost-startStop-1 AbstractUrlHandlerMapping.java:354] registerHandler - Mapped URL path [/echo-ws/**] onto handler of type [class org.springframework.web.socket.sockjs.support.SockJsHttpRequestHandler]
INFO  10:02:22.439 [localhost-startStop-1 AbstractUrlHandlerMapping.java:354] registerHandler - Mapped URL path [/chat-ws/**] onto handler of type [class org.springframework.web.socket.sockjs.support.SockJsHttpRequestHandler]
INFO  10:02:22.450 [localhost-startStop-1 ExecutorConfigurationSupport.java:165] initialize - Initializing ExecutorService  'messageBrokerTaskScheduler'
INFO  10:02:22.461 [localhost-startStop-1 AbstractUrlHandlerMapping.java:354] registerHandler - Mapped URL path [/hello/**] onto handler of type [class org.springframework.web.socket.sockjs.support.SockJsHttpRequestHandler]
INFO  10:02:22.461 [localhost-startStop-1 AbstractUrlHandlerMapping.java:354] registerHandler - Mapped URL path [/chatmemberlist/**] onto handler of type [class org.springframework.web.socket.sockjs.support.SockJsHttpRequestHandler]
INFO  10:02:22.467 [localhost-startStop-1 ExecutorConfigurationSupport.java:165] initialize - Initializing ExecutorService  'brokerChannelExecutor'
INFO  10:02:22.490 [localhost-startStop-1 AbstractMethodMessageHandler.java:330] registerHandlerMethod - Mapped "{[/message],messageType=[MESSAGE]}" onto public void test.webconfig.GreetingController.handleSubscribe(test.model.Message,java.lang.String,java.util.Map<java.lang.String, java.lang.Object>,java.lang.String) throws com.google.firebase.messaging.FirebaseMessagingException,java.io.IOException
INFO  10:02:22.491 [localhost-startStop-1 AbstractMethodMessageHandler.java:330] registerHandlerMethod - Mapped "{[/newconnect],messageType=[MESSAGE]}" onto public void test.webconfig.GreetingController.newConnect(test.model.Message,java.lang.String,java.lang.String)
INFO  10:02:22.491 [localhost-startStop-1 AbstractMethodMessageHandler.java:330] registerHandlerMethod - Mapped "{[/hello],messageType=[MESSAGE]}" onto public test.model.Greeting test.webconfig.GreetingController.greeting(java.lang.String,java.util.Map<java.lang.String, java.lang.Object>)
INFO  10:02:22.518 [localhost-startStop-1 ExecutorConfigurationSupport.java:165] initialize - Initializing ExecutorService  'taskScheduler'
INFO  10:02:22.534 [localhost-startStop-1 DefaultLifecycleProcessor.java:341] start - Starting beans in phase 2147483647
INFO  10:02:22.535 [localhost-startStop-1 AbstractBrokerMessageHandler.java:157] start - Starting...
INFO  10:02:22.535 [localhost-startStop-1 AbstractBrokerMessageHandler.java:260] publishBrokerAvailableEvent - BrokerAvailabilityEvent[available=true, SimpleBrokerMessageHandler [DefaultSubscriptionRegistry[cache[0 destination(s)], registry[0 sessions]]]]
INFO  10:02:22.535 [localhost-startStop-1 AbstractBrokerMessageHandler.java:166] start - Started.
INFO  10:02:22.554 [localhost-startStop-1 FrameworkServlet.java:508] initServletBean - FrameworkServlet 'dispatcher': initialization completed in 994 ms
INFO  10:02:26.172 [http-bio-8080-exec-1 XmlBeanDefinitionReader.java:317] loadBeanDefinitions - Loading XML bean definitions from class path resource [applicationContext.xml]
INFO  10:02:26.183 [http-bio-8080-exec-1 AbstractApplicationContext.java:581] prepareRefresh - Refreshing org.springframework.context.support.GenericXmlApplicationContext@5d3e7959: startup date [Wed Dec 09 10:02:26 KST 2020]; root of context hierarchy
INFO  10:02:26.531 [http-bio-8080-exec-1 AbstractApplicationContext.java:982] doClose - Closing org.springframework.context.support.GenericXmlApplicationContext@5d3e7959: startup date [Wed Dec 09 10:02:26 KST 2020]; root of context hierarchy
INFO  10:02:27.837 [http-bio-8080-exec-6 XmlBeanDefinitionReader.java:317] loadBeanDefinitions - Loading XML bean definitions from class path resource [applicationContext.xml]
INFO  10:02:27.848 [http-bio-8080-exec-6 AbstractApplicationContext.java:581] prepareRefresh - Refreshing org.springframework.context.support.GenericXmlApplicationContext@1493458c: startup date [Wed Dec 09 10:02:27 KST 2020]; root of context hierarchy
INFO  10:02:27.926 [http-bio-8080-exec-6 AbstractApplicationContext.java:982] doClose - Closing org.springframework.context.support.GenericXmlApplicationContext@1493458c: startup date [Wed Dec 09 10:02:27 KST 2020]; root of context hierarchy
WARN  10:02:27.932 [http-bio-8080-exec-7 DispatcherServlet.java:1147] noHandlerFound - No mapping found for HTTP request with URI [/favicon.ico] in DispatcherServlet with name 'dispatcher'
INFO  10:03:22.467 [MessageBroker-1 WebSocketMessageBrokerStats.java:113] run - WebSocketSession[0 current WS(0)-HttpStream(0)-HttpPoll(0), 0 total, 0 closed abnormally (0 connect failure, 0 send limit, 0 transport error)], stompSubProtocol[processed CONNECT(0)-CONNECTED(0)-DISCONNECT(0)], stompBrokerRelay[null], inboundChannel[pool size = 0, active threads = 0, queued tasks = 0, completed tasks = 0], outboundChannelpool size = 0, active threads = 0, queued tasks = 0, completed tasks = 0], sockJsScheduler[pool size = 1, active threads = 1, queued tasks = 0, completed tasks = 0]
INFO  10:04:08.348 [http-bio-8080-exec-9 XmlBeanDefinitionReader.java:317] loadBeanDefinitions - Loading XML bean definitions from class path resource [applicationContext.xml]
INFO  10:04:08.358 [http-bio-8080-exec-9 AbstractApplicationContext.java:581] prepareRefresh - Refreshing org.springframework.context.support.GenericXmlApplicationContext@694a7936: startup date [Wed Dec 09 10:04:08 KST 2020]; root of context hierarchy
INFO  10:04:08.434 [http-bio-8080-exec-9 AbstractApplicationContext.java:982] doClose - Closing org.springframework.context.support.GenericXmlApplicationContext@694a7936: startup date [Wed Dec 09 10:04:08 KST 2020]; root of context hierarchy
INFO  10:04:09.073 [http-bio-8080-exec-10 XmlBeanDefinitionReader.java:317] loadBeanDefinitions - Loading XML bean definitions from class path resource [applicationContext.xml]
INFO  10:04:09.081 [http-bio-8080-exec-10 AbstractApplicationContext.java:581] prepareRefresh - Refreshing org.springframework.context.support.GenericXmlApplicationContext@6352ef87: startup date [Wed Dec 09 10:04:09 KST 2020]; root of context hierarchy
INFO  10:04:09.154 [http-bio-8080-exec-10 AbstractApplicationContext.java:982] doClose - Closing org.springframework.context.support.GenericXmlApplicationContext@6352ef87: startup date [Wed Dec 09 10:04:09 KST 2020]; root of context hierarchy
INFO  10:04:13.001 [http-bio-8080-exec-10 XmlBeanDefinitionReader.java:317] loadBeanDefinitions - Loading XML bean definitions from class path resource [applicationContext.xml]
INFO  10:04:13.010 [http-bio-8080-exec-10 AbstractApplicationContext.java:581] prepareRefresh - Refreshing org.springframework.context.support.GenericXmlApplicationContext@7ea5fa8d: startup date [Wed Dec 09 10:04:13 KST 2020]; root of context hierarchy
INFO  10:04:13.116 [http-bio-8080-exec-10 AbstractApplicationContext.java:982] doClose - Closing org.springframework.context.support.GenericXmlApplicationContext@7ea5fa8d: startup date [Wed Dec 09 10:04:13 KST 2020]; root of context hierarchy
